UART(1, baudrate=115200, bits=8, parity=None, stop=1)
None
None
None
None
0
1
UART(1, baudrate=1000000, bits=8, parity=None, stop=1)
True
False
UART(1, baudrate=1000000, bits=8, parity=None, stop=1)
True
False
True
False
False
True
False
bytearray(b'\x00\x00\x00')
False
bytearray(b'\x00\x00\x00')
Exception
Exception
None
True
False
