Traceback (most recent call last):
  File "<stdin>", line 13, in <module>
OSError: Network card not available
CRASH