Traceback (most recent call last):
  File "<stdin>", line 12, in <module>
TypeError: can't create 'Timer' instances
CRASH